// Jest Snapshot v1, https://goo.gl/fbAQLP

exports[`SearchFilter.vue renders according to design 1`] = `
<div>
  <SearchTextBox-stub></SearchTextBox-stub>
</div>
`;
