// Jest Snapshot v1, https://goo.gl/fbAQLP

exports[`SearchArea.vue renders according to design 1`] = `<section></section>`;
