// Jest Snapshot v1, https://goo.gl/fbAQLP

exports[`SearchTextBox.vue renders according to design 1`] = `
<form>
  <input type="text" id="searchBox" placeholder="ï€‚ Filter Data Sources...">
</form>
`;
