// Jest Snapshot v1, https://goo.gl/fbAQLP

exports[`Item.vue renders according to design 1`] = `
<div class="item"><span class="title"></span>
  <!---->
</div>
`;
