// Jest Snapshot v1, https://goo.gl/fbAQLP

exports[`MyData.Button.vue renders according to design 1`] = `
<button>
  ADD DATA SOURCE
</button>
`;
