// Jest Snapshot v1, https://goo.gl/fbAQLP

exports[`MyData.vue renders according to design 1`] = `
<section>
  <h2>My Data</h2>
  <button>
    ADD DATA SOURCE
  </button>
</section>
`;
