// Jest Snapshot v1, https://goo.gl/fbAQLP

exports[`SearchArea.vue renders according to design 1`] = `
<section>
  <SearchFilter-stub></SearchFilter-stub>
  <SearchResult-stub></SearchResult-stub>
</section>
`;
